// Jest Snapshot v1, https://goo.gl/fbAQLP

exports[`renders an edit toc block component 1`] = `
Array [
  <h2>
    Table of Contents
  </h2>,
  <div
    className="ui bulleted list"
    role="list"
  >
    <div
      className="item header-two"
      onClick={[Function]}
      role="listitem"
    >
      <a
        href="#a"
        onClick={[Function]}
      >
        Heading 1
      </a>
    </div>
    <div
      className="item header-three"
      onClick={[Function]}
      role="listitem"
    >
      <a
        href="#b"
        onClick={[Function]}
      >
        Heading 2
      </a>
    </div>
  </div>,
]
`;
