// Jest Snapshot v1, https://goo.gl/fbAQLP

exports[`renders an Image Block Sidebar component 1`] = `
<div
  className="ui raised segments"
>
  <header
    className="header pulled"
  >
    <h2>
      Image
    </h2>
  </header>
  <div
    className="ui secondary segment sidebar-metadata-container"
  >
    image
    <img
      alt="alternate text"
      src="image"
      style={
        Object {
          "width": "50%",
        }
      }
    />
  </div>
  <div
    className="ui segment form sidebar-image-data"
  >
    <div
      className="inline field text"
      id="field-external"
    >
      <div
        className="ui grid"
      >
        <div
          className="stretched row"
        >
          <div
            className="four wide column"
          >
            <div
              className="wrapper"
            >
              <label
                htmlFor="field-external"
              >
                External URL
              </label>
            </div>
          </div>
          <div
            className="eight wide column"
          >
            <div
              className="ui icon input"
            >
              <input
                disabled={false}
                id="field-external"
                name="external"
                onChange={[Function]}
                type="text"
                value="image"
              />
              <i
                aria-hidden="true"
                attributes={
                  Object {
                    "viewBox": "",
                    "xmlns": "",
                  }
                }
                className="icon"
                onClick={[Function]}
              />
            </div>
            <button
              onClick={[Function]}
            >
              <svg
                className="icon"
                dangerouslySetInnerHTML={
                  Object {
                    "__html": undefined,
                  }
                }
                onClick={null}
                style={
                  Object {
                    "fill": "currentColor",
                    "height": "18px",
                    "width": "auto",
                  }
                }
                viewBox=""
                xmlns=""
              />
            </button>
          </div>
        </div>
      </div>
    </div>
    <div
      className="inline field text"
      id="field-alt"
    >
      <div
        className="ui grid"
      >
        <div
          className="stretched row"
        >
          <div
            className="four wide column"
          >
            <div
              className="wrapper"
            >
              <label
                htmlFor="field-alt"
              >
                Alt text
              </label>
            </div>
          </div>
          <div
            className="eight wide column"
          >
            <div
              className="ui icon input"
            >
              <input
                disabled={false}
                id="field-alt"
                name="alt"
                onChange={[Function]}
                type="text"
                value="alternate text"
              />
              <i
                aria-hidden="true"
                attributes={
                  Object {
                    "viewBox": "",
                    "xmlns": "",
                  }
                }
                className="icon"
                onClick={[Function]}
              />
            </div>
            <button
              onClick={[Function]}
            >
              <svg
                className="icon"
                dangerouslySetInnerHTML={
                  Object {
                    "__html": undefined,
                  }
                }
                onClick={null}
                style={
                  Object {
                    "fill": "currentColor",
                    "height": "18px",
                    "width": "auto",
                  }
                }
                viewBox=""
                xmlns=""
              />
            </button>
          </div>
        </div>
      </div>
    </div>
    <div
      className="inline field"
    >
      <div
        className="ui grid"
      >
        <div
          className="row"
        >
          <div
            className="four wide column"
          >
            <div
              className="wrapper"
            >
              <label
                htmlFor="field-align"
              >
                Alignment
              </label>
            </div>
          </div>
          <div
            className="eight wide column align-tools"
          >
            <div>
              <div
                className="ui buttons"
              >
                <button
                  aria-label="Left"
                  className="ui basic icon button"
                  onClick={[Function]}
                >
                  <svg
                    className="icon"
                    dangerouslySetInnerHTML={
                      Object {
                        "__html": undefined,
                      }
                    }
                    onClick={null}
                    style={
                      Object {
                        "fill": "currentColor",
                        "height": "24px",
                        "width": "auto",
                      }
                    }
                    viewBox=""
                    xmlns=""
                  />
                </button>
              </div>
              <div
                className="ui buttons"
              >
                <button
                  aria-label="Right"
                  className="ui basic icon button"
                  onClick={[Function]}
                >
                  <svg
                    className="icon"
                    dangerouslySetInnerHTML={
                      Object {
                        "__html": undefined,
                      }
                    }
                    onClick={null}
                    style={
                      Object {
                        "fill": "currentColor",
                        "height": "24px",
                        "width": "auto",
                      }
                    }
                    viewBox=""
                    xmlns=""
                  />
                </button>
              </div>
              <div
                className="ui buttons"
              >
                <button
                  aria-label="Center"
                  className="ui active basic icon button"
                  onClick={[Function]}
                >
                  <svg
                    className="icon"
                    dangerouslySetInnerHTML={
                      Object {
                        "__html": undefined,
                      }
                    }
                    onClick={null}
                    style={
                      Object {
                        "fill": "currentColor",
                        "height": "24px",
                        "width": "auto",
                      }
                    }
                    viewBox=""
                    xmlns=""
                  />
                </button>
              </div>
              <div
                className="ui buttons"
              >
                <button
                  aria-label="Full"
                  className="ui basic icon button"
                  onClick={[Function]}
                >
                  <svg
                    className="icon"
                    dangerouslySetInnerHTML={
                      Object {
                        "__html": undefined,
                      }
                    }
                    onClick={null}
                    style={
                      Object {
                        "fill": "currentColor",
                        "height": "24px",
                        "width": "auto",
                      }
                    }
                    viewBox=""
                    xmlns=""
                  />
                </button>
              </div>
            </div>
          </div>
        </div>
      </div>
    </div>
  </div>
  <div
    className="accordion ui fluid styled form"
  >
    <div
      className="active title"
      onClick={[Function]}
    >
      Link Settings
      <svg
        className="icon"
        dangerouslySetInnerHTML={
          Object {
            "__html": undefined,
          }
        }
        onClick={null}
        style={
          Object {
            "fill": "currentColor",
            "height": "20px",
            "width": "auto",
          }
        }
        viewBox=""
        xmlns=""
      />
    </div>
    <div
      className="content active"
    >
      <div
        className="inline field text"
        id="field-link"
      >
        <div
          className="ui grid"
        >
          <div
            className="stretched row"
          >
            <div
              className="four wide column"
            >
              <div
                className="wrapper"
              >
                <label
                  htmlFor="field-link"
                >
                  Link to
                </label>
              </div>
            </div>
            <div
              className="eight wide column"
            >
              <div
                className="ui icon input"
              >
                <input
                  disabled={false}
                  id="field-link"
                  name="link"
                  onChange={[Function]}
                  type="text"
                  value=""
                />
                <i
                  aria-hidden="true"
                  attributes={
                    Object {
                      "viewBox": "",
                      "xmlns": "",
                    }
                  }
                  className="icon"
                  onClick={[Function]}
                />
              </div>
              <button
                onClick={[Function]}
              >
                <svg
                  className="icon"
                  dangerouslySetInnerHTML={
                    Object {
                      "__html": undefined,
                    }
                  }
                  onClick={null}
                  style={
                    Object {
                      "fill": "currentColor",
                      "height": "18px",
                      "width": "auto",
                    }
                  }
                  viewBox=""
                  xmlns=""
                />
              </button>
            </div>
          </div>
        </div>
      </div>
      <div
        className="inline field"
        id="field-openLinkInNewTab"
      >
        <div
          className="ui grid"
        >
          <div
            className="stretched row"
          >
            <div
              className="twelve wide column"
            >
              <div
                className="wrapper"
              >
                <div
                  className="ui fitted checkbox"
                  onChange={[Function]}
                  onClick={[Function]}
                  onMouseDown={[Function]}
                  onMouseUp={[Function]}
                >
                  <input
                    checked={false}
                    className="hidden"
                    disabled={false}
                    name="field-openLinkInNewTab"
                    readOnly={true}
                    tabIndex={0}
                    type="checkbox"
                  />
                  <label />
                </div>
                <label
                  className="ui basic horizontal label"
                  htmlFor="field-openLinkInNewTab"
                  onClick={[Function]}
                >
                  Open in a new tab
                </label>
              </div>
            </div>
          </div>
        </div>
      </div>
    </div>
  </div>
</div>
`;
